BC:TGAGACTGTCAGCGTC,UMI:CGTGGAAAAGGT
BC:GTTAGACAGCTCGTGC,UMI:TTATTTCCATCT
BC:AGAGAATGTTCTTCAT,UMI:TCTTCCTCAAAT
BC:GATAGCTAGCAACAAT,UMI:CTCTCGACCTTG
BC:TCCCAGTTCTTGTTAC,UMI:ACTGAAGCACCC
BC:TGGTACAAGGTGCATG,UMI:TATATAATGTTT
BC:TCTGGCTCATTCTCCG,UMI:GTTCAAATACGT
BC:GTCTACCAGGCCGCTT,UMI:ATAAAGGAACAA
BC:TGAATCGGTTTAGAGA,UMI:CCATACTAGAGC
BC:CTAAGTGAGAACAGGA,UMI:CGTTAATGGGCT
BC:GCCATGGTCGTCACCT,UMI:CCAACTCAGCTC
BC:TTCAATCTCTTCTAAC,UMI:CATAGGGAGATA
BC:TGAGACTGTCAGCGTC,UMI:CGCTTGGTTTTC
BC:ACTTAGGCAGCTGTAT,UMI:TATAACTAGAGA
BC:GGGTTATGTATCCCTC,UMI:TTAAGCATTTTT
BC:TTTCAGTCACCAGTAT,UMI:GTCAGCTACAAC
BC:TGATTCTTCGTGTCAA,UMI:TAGTACGAATAT
BC:CGATGCGTCCGCATAA,UMI:GGAGGTCTAATT
BC:TCATGCCCATGCGTGC,UMI:ATCATTCCACTT
BC:TCCTTCTGTGTACGCC,UMI:GGTTTCGGGTAA
BC:CTTCGGTGTAGAAACT,UMI:TACTGCTCTTCT
BC:TCGTGCTTCTGCGTCT,UMI:GATACCACTGCT
BC:TTTCAGTCACCAGTAT,UMI:GCCTTGGCAATG
BC:TTGTGTTCAAATGGAT,UMI:TCTTGTTGGTCT
BC:CGCGTGAGTATGAGGC,UMI:ACATCATTGAGG
BC:CGCCAGAAGCAAATCA,UMI:CCTAACGAATTT
BC:CTCATTAAGCCACCGT,UMI:GCCCAGCTCCTT
BC:TTCTTGAGTGAGGATC,UMI:CACTCCACGAAG
BC:TGTTCTAAGTCAGCCC,UMI:ATGTGCTAATAC
BC:TGCCGAGAGCGAACTG,UMI:GTTTCTGTGTTC
BC:GATCGTAGTTACGTAC,UMI:CAGAGATGCCCA
BC:TCGATTTTCAACCTCC,UMI:TCGAGTTTCTTC
BC:TCGTGCTTCTGCGTCT,UMI:TTTGTTTTTGAT
BC:CAGGTATCATGGGTTT,UMI:TTTTTTTTTTTT
BC:TCTTGCGAGGGATCGT,UMI:ACGGCTCAACAT
BC:ATCCTATTCATGCTAG,UMI:ACTACCTACTCA
BC:TGCTGAATCTGTGCTC,UMI:TGCTCCGTAATC
BC:AGAAGCGCATGCCGCA,UMI:CCAGCATTTTTT
BC:TTCAATCTCTTCTAAC,UMI:TCTCTCTTTTTT
BC:TTGTGTTCAAATGGAT,UMI:CTCAAAATCAGT
BC:CGCGTGAGTATGAGGC,UMI:CTATTGCTTTTT
BC:TTCTTGAGTGAGGATC,UMI:TTTGTTTTTGTC
BC:TTTCAGTCACCAGTAT,UMI:CAAATATCTTTT
BC:TGTGATGAGTATCCTG,UMI:TGGACGAATCGA
BC:TTTCAGTCACCAGTAT,UMI:GAGCCTTAAATA
BC:TCTTGCGAGGGATCGT,UMI:TACGTGCACTCT
BC:TACATTCTCTGGGCAC,UMI:AAGTGGTCGCAT
BC:CGCCAGAAGCAAATCA,UMI:TGTGTTAGATTT
BC:AGAGAATGTTCTTCAT,UMI:TTTTTTTTTTTT
BC:TGCAGTAGTCTCTCCA,UMI:TTCCCAAAGTAG
BC:GGCTGTGAGTGCACAG,UMI:TTACTCACGTAG
BC:GATAGCTAGCAACAAT,UMI:CGCCAACGGAGC
BC:ATACTTCTCCCGAGTG,UMI:GTGTTCTTTTCT
BC:TTGTGTTCAAATGGAT,UMI:TTGTTATAATTT
BC:TGCTGAATCTGTGCTC,UMI:TTCAGGTTCTCC
BC:ATACTTCTCCCGAGTG,UMI:CCTCCAGAACCG
BC:TTTCAGTCACCAGTAT,UMI:TCAGTAATCTCT
BC:TTGTGTTCAAATGGAT,UMI:TTAGCTTTTTTT
BC:GCCCAGACAACACAAA,UMI:CACACACACACA
BC:GTCGTAAGTTCCATTT,UMI:CAATCGTTAAAT
BC:TCATGCCCACTGCGTG,UMI:ATAACTACGCTC
BC:GATCGTAGTTACGTAC,UMI:GTCCGGATCTTG
BC:GCACTAAGTTGAAGTA,UMI:CTAGCTAAGTGA
BC:TCATTTGTCACGGTCG,UMI:CTTGGCGCTTGT
BC:GTATTGGTCGTTCTGC,UMI:TGCCTCTATCTT
BC:CGTCCATTCTCGCGTT,UMI:CTCAGGGTTTGT
BC:GTTAGACAGCTCGTGC,UMI:GAAAACGTGGCT
BC:TCCGAAAAGCACTTTG,UMI:TACTGGCCAGTG
BC:TACTGCCGTACCACGC,UMI:ACAGAGTACCTG
BC:TGTTCTAAGTCAGCCC,UMI:TGCAACTTTTTT
BC:TCGTGCTTCTGCGTCT,UMI:TAGTGCTGCCCG
BC:TCTTGCGAGGGATCGT,UMI:TCTCCATCACAG
BC:TGTGATGAGTATCCTG,UMI:GCCATTACCCCA
BC:TTTGGAGCACAAAGTA,UMI:GTTTGACTGGTT
BC:GATCCCTAGCGTGAAC,UMI:CTCCTGACACTC
BC:TGACAGTAGTGTCATC,UMI:TCCTTCACTTTT
BC:GATCGTAGTTACGTAC,UMI:CAACATTTCTAC
BC:CCAATTTTCCTCGATC,UMI:TTCCTCCTCTTC
BC:CTCAAGACATTGAGCT,UMI:TCTTCAGCATTT
BC:TGTTCTAAGTCAGCCC,UMI:AGAGCCATGATA
BC:TCTCTGGAGGGTTAGC,UMI:GGTCGGTCCTTA
BC:TGAGACTGTCAGCGTC,UMI:ATATTTTGTTTT
BC:CGAGGAAGTGAACGGT,UMI:TGTTATATATTG
BC:GTCGTAAGTTCCATTT,UMI:CGCTAGTCAATC
BC:ATTACCTAGCGACTGA,UMI:AATTATACGCCG
BC:TTCAATCTCTTCTAAC,UMI:GCTTTTCATTCC
BC:GATTCTTAGGTCATCT,UMI:TACCATTGAATT
BC:CTGCAGGCAAGAGAGA,UMI:AGCCACCTTGGT
BC:GATCGTAGTTACGTAC,UMI:ACTGTGATTCAT
BC:GGTTCTCCAGGTGACA,UMI:TCCAAACCATGC
BC:CGCCAGAAGCAAATCA,UMI:TGTCCGCATAAT
BC:GATCGTAGTTACGTAC,UMI:ACCTTCCAGCCT
BC:GATCGTAGTTACGTAC,UMI:CAGAGATGCGTT
BC:TACATTCTCTGGGCAC,UMI:CTCTGATACTCT
BC:TGTTGGAGTCGTGTTA,UMI:TTGTTTTTTTTT
BC:TTGGTTTCACGAAAGC,UMI:GATAGGTCTTTT
BC:GGCTTTCCAACTCGTA,UMI:CTCTGCGTTGAT
BC:GCTACAATCGCTAATG,UMI:GGTTGTACCAGC
BC:GTTAGTGAGGGTGAGG,UMI:CGCCAGCTTAGT
BC:GATCGTAGTTACGTAC,UMI:CAGAGATGCTCA
BC:TGTTGGAGTCGTGGTC,UMI:CCAGGCGCGTGT
BC:AGAGAATGTTCTTCAT,UMI:AGAAATAACTAC
BC:TTTGGAGCACAAAGTA,UMI:CTGATACTTTAA
BC:ATGGTTGCACCCAACG,UMI:GAAGAGCTTTTT
BC:CACAGGCCAGAGTAAT,UMI:AATCATAGATTT
BC:TTGGTTTCACGAAAGC,UMI:GGGCCATTTTTT
BC:TGTCCTGAGCGTACAG,UMI:TTTTGGTATTTT
BC:TCATGCCCACTGCGTG,UMI:CTCTGGAGTTGC
BC:TGTGATGAGTATCCTG,UMI:TTGAGGGAAGAG
BC:AGGTCTACACGGTGCT,UMI:CTTCCGATCTAC
BC:TCTTGCGAGGGATCGT,UMI:TTATCTGCAATT
BC:AGGCTGCTCATTACTC,UMI:TCCTGTTGTCTT
BC:TTTCAGTCACCAGTAT,UMI:TTATCTTCCTCT
BC:ACTGCAAAGGAACTAT,UMI:CCTGGGGTTATT
BC:ACCTGTCTCACCCTCA,UMI:AGCGATCCTGAT
BC:AGTCACAGTCCGACGT,UMI:GTTATCAGCGTA
BC:TGTTCTAAGTCAGCCC,UMI:GGTTATAGTGAC
BC:TACATTCTCTGGGCAC,UMI:GGTTCCACCTCT
BC:TGCCGAGAGCGAACTG,UMI:CATCGTAATTAA
BC:GCTGGGTCATCCTATT,UMI:TTTTTTTTTTTT
BC:ACCTGTCTCACCCTCA,UMI:TTTCCCTTACCC
BC:ATCCTATTCATGCTAG,UMI:CCTCAGAAGTTT
BC:TGATTCTTCGTGTCAA,UMI:TAACCCACGCAC
BC:TACTTCATCCCTCTAG,UMI:TACAGTTGGAGT
BC:TGCCGAGAGCGAACTG,UMI:GTTCATATTAAT
BC:GCAGTTAAGCAACAAT,UMI:ATTTCCTTTCCT
BC:TCAGCCTCAATAGTAG,UMI:ATGCATTGTTCC
BC:TCTGGCTCATTCTCCG,UMI:AGAGCACCACAG
BC:GATCGTAGTTACGTAC,UMI:CAGAGATGCGTA
BC:ATTCGTTCACTTACAG,UMI:GCAACAGGATTG
BC:GGCTGTGAGTGCACAG,UMI:TGCATTTTTTTT
BC:GATAGCTAGCAACAAT,UMI:CGCCAACGCCTC
BC:TCATTTGTCGACCACG,UMI:ACACTGTTTTTT
BC:ATTACCTAGCGACTGA,UMI:ACCCGCTGGCAA
BC:GTAGCTAGTGCATTAC,UMI:AAAGTGTGCTTT
BC:TCACATTGTGCAGATG,UMI:CCCTTTCATTTA
BC:AATCGACGTATCATGC,UMI:AATATGCCTCAC
BC:GATCGTAGTTACGTAC,UMI:GAGTTCAATTTT
BC:TCATGCCCACTGCGTG,UMI:GCCATTACGGCC
BC:TCTGGCTCATTCTCCG,UMI:CATTTACCAATT
BC:TTTACCAGTGTCCATA,UMI:CTGCTAGGACGG
BC:TACATTCTCTGGGCAC,UMI:AAGTGGACCGGG
BC:TATCTTGAGCAACAAT,UMI:CCCTATTATTTC
BC:TGTGATGAGTATCCTG,UMI:TTTTTTTTTTTT
BC:ACACCAAGTCTTGGTA,UMI:ATTTAATTTTTT
BC:TGGGCGTGTGGTCTGC,UMI:TTAATGAAATAT
BC:TGTTGGAGTCGTGTTA,UMI:CTAGGTATTTAA
BC:ATTCTACGTCATCGCG,UMI:TATGCGGAGACC
BC:TTGAGTGCAGGGCTTC,UMI:TCCTGTTCCACC
BC:TCATTTGTCGACCACG,UMI:TATAGGCTTTGA
BC:TCTCTGGAGGGTTAGC,UMI:TTTATCTTTATT
BC:TCAGTGACAACGGGTA,UMI:CCCTTCCTTTAA
BC:ATTCTACGTCATCGCG,UMI:TACGGGCTCAAT
BC:TTCAATCTCTTCTAAC,UMI:TGCAAAAGTTTT
BC:GTTAGTGAGGGTGAGG,UMI:CAATAGTTTTTT
BC:TGCTGAATCTGTGCTC,UMI:GGAGATCATGTT
BC:ATCCACCTCACTGCTC,UMI:CCCTCCTTCGCT
BC:CGTCCATTCTCGCGTT,UMI:CGCAAGCTGTTT
BC:CATGGTATCGGCTATA,UMI:CTCCGTGATTTT
BC:GGGTCTGAGCGACTGA,UMI:AGCGCCCTGTTT
BC:TGTTGGAAGGATGGCT,UMI:ATTTTTTCTACC
BC:ATACTTCTCCCGAGTG,UMI:TTCACTTATTCA
BC:TTTCAGTCACCAGTAT,UMI:GTAATCCAGTCT
BC:TCATTTGTCACGGTCG,UMI:AGTGGACCGACT
BC:TGTCCTGAGCGTACAG,UMI:GGATATCAAGAT
BC:GATCAGTAGGGATGTC,UMI:TCTGTTATTTTT
BC:AAAGAACAGCGATCGA,UMI:AATAGTAATTTT
BC:CACGAATTCCAGTTCC,UMI:CACAACAGTCTT
BC:TGTTCTAAGTCAGCCC,UMI:AAGACCTTCCTC
BC:GAGTCATTCTTCGATT,UMI:TCGGAATTCGAT
BC:GTTGTGATCTGCGGCA,UMI:AATGAGTTTTTT
